// Jest Snapshot v1, https://goo.gl/fbAQLP

exports[`matches snapshot 1`] = `
<div
  className="playground"
>
  <canvas
    className="canvas-pg undefined"
    height={0}
    onClick={[Function]}
    onMouseMove={[Function]}
    style={
      Object {
        "backgroundImage": "url(Sample_Floorplan.jpg)",
        "backgroundPosition": "center",
        "backgroundRepeat": "no-repeat",
        "backgroundSize": "contain",
      }
    }
    width={0}
  />
</div>
`;
